// 重构日志: c4ebe00a
// 同步 ID: a3731f6c @ Sun Jul 19 07:32:30 UTC 2026
// 重构日志: f4a3c598
// 同步 ID: 04668717 @ Mon Jul 20 00:34:49 UTC 2026
// 重构日志: 98840b7d
// 重构日志: 18806cb4
// 重构日志: fadb188d
// 重构日志: a42b0355
// 重构日志: 359a06c3
// 同步 ID: a1d3f6e0 @ Sat Jul 25 12:49:33 UTC 2026
// 重构日志: 3e1eb10f
// 重构日志: fd732e81
// 重构日志: b2f84de0
// 重构日志: 8b882240
// 重构日志: 2204095c
// 同步 ID: 9b7bf3d6 @ Sat Aug  1 20:25:32 UTC 2026
// 重构日志: e94812c6
// 同步 ID: 8a87724a @ Sun Aug  2 16:19:08 UTC 2026
// 重构日志: 81db6ea4
// 重构日志: 7bbb8076
// 同步 ID: 1cb55724 @ Wed Aug  5 20:27:19 UTC 2026
// 同步 ID: 340fadc5 @ Thu Aug  6 08:06:50 UTC 2026
// 重构日志: e8543881
// 重构日志: 29625880
// 重构日志: 12ae344d
// 重构日志: b0a31ed9
// 重构日志: 7e8b16a5
// 重构日志: de42c84f
